[    0.000000] Initializing cgroup subsys cpuset
[    0.000000] Initializing cgroup subsys cpu
[    0.000000] Initializing cgroup subsys cpuacct
[    0.000000] Linux version 4.4.0-127-generic (buildd@lcy01-amd64-023) (gcc version 5.4.0 20160609 (Ubuntu 5.4.0-6ubuntu1~16.04.9) ) #153-Ubuntu SMP Sat May 19 10:58:46 UTC 2018 (Ubuntu 4.4.0-127.153-generic 4.4.128)
[    0.000000] Command line: BOOT_IMAGE=/boot/vmlinuz-4.4.0-127-generic root=UUID=bbd644b0-b529-40fa-8b06-40f70b789c51 ro console=tty1 console=ttyS0
[    0.000000] KERNEL supported cpus:
[    0.000000]   Intel GenuineIntel
[    0.000000]   AMD AuthenticAMD
[    0.000000]   Centaur CentaurHauls
[    0.000000] x86/fpu: xstate_offset[2]:  576, xstate_sizes[2]:  256
[    0.000000] x86/fpu: Supporting XSAVE feature 0x01: 'x87 floating point registers'
[    0.000000] x86/fpu: Supporting XSAVE feature 0x02: 'SSE registers'
[    0.000000] x86/fpu: Supporting XSAVE feature 0x04: 'AVX registers'
[    0.000000] x86/fpu: Enabled xstate features 0x7, context size is 832 bytes, using 'standard' format.
[    0.000000] x86/fpu: Using 'lazy' FPU context switches.
[    0.000000] e820: BIOS-provided physical RAM map:
[    0.000000] BIOS-e820: [mem 0x0000000000000000-0x000000000009fbff] usable
[    0.000000] BIOS-e820: [mem 0x000000000009fc00-0x000000000009ffff] reserved
[    0.000000] BIOS-e820: [mem 0x00000000000f0000-0x00000000000fffff] reserved
[    0.000000] BIOS-e820: [mem 0x0000000000100000-0x000000003ffeffff] usable
[    0.000000] BIOS-e820: [mem 0x000000003fff0000-0x000000003fffffff] ACPI data
[    0.000000] BIOS-e820: [mem 0x00000000fec00000-0x00000000fec00fff] reserved
[    0.000000] BIOS-e820: [mem 0x00000000fee00000-0x00000000fee00fff] reserved
[    0.000000] BIOS-e820: [mem 0x00000000fffc0000-0x00000000ffffffff] reserved
[    0.000000] NX (Execute Disable) protection: active
[    0.000000] SMBIOS 2.5 present.
[    0.000000] Hypervisor detected: KVM
[    0.000000] e820: last_pfn = 0x3fff0 max_arch_pfn = 0x400000000
[    0.000000] MTRR: Disabled
[    0.000000] x86/PAT: MTRRs disabled, skipping PAT initialization too.
[    0.000000] CPU MTRRs all blank - virtualized system.
[    0.000000] x86/PAT: Configuration [0-7]: WB  WT  UC- UC  WB  WT  UC- UC  
[    0.000000] found SMP MP-table at [mem 0x0009fff0-0x0009ffff] mapped at [ffff88000009fff0]
[    0.000000] Scanning 1 areas for low memory corruption
[    0.00000] RAMDISK: [mem 0x361f2000-0x370f0fff]
[    0.000000] ACPI: Early table checksum verification disabled
[    0.000000] ACPI: RSDP 0x00000000000E0000 000024 (v02 VBOX  )
[    0.000000] ACPI: XSDT 0x000000003FFF0030 00003C (v01 VBOX   VBOXXSDT 00000001 ASL  00000061)
[    0.000000] ACPI: FACP 0x000000003FFF00F0 0000F4 (v04 VBOX   VBOXFACP 00000001 ASL  00000061)
[    0.000000] ACPI: DSDT 0x000000003FFF0470 0021FF (v02 VBOX   VBOXBIOS 00000002 INTL 20100528)
[    0.000000] ACPI: FACS 0x000000003FFF0200 000040
[    0.000000] ACPI: FACS 0x000000003FFF0200 000040
[    0.000000] ACPI: APIC 0x000000003FFF0240 00005C (v02 VBOX   VBOXAPIC 00000001 ASL  00000061)
[    0.000000] ACPI: SSDT 0x000000003FFF02A0 0001CC (v01 VBOX   VBOXCPUT 00000002 INTL 20100528)
[    0.000000] No NUMA configuration found
[    0.000000] Faking a node at [mem 0x0000000000000000-0x000000003ffeffff]
[    0.000000] NODE_DATA(0) allocated [mem 0x3ffeb000-0x3ffeffff]
[    0.000000] kvm-clock: Using msrs 4b564d01 and 4b564d00
[    0.000000] kvm-clock: cpu 0, msr 0:3ffe3001, primary cpu clock
[    0.000000] kvm-clock: using sched offset of 4031079499 cycles
[    0.000000] clocksource: kvm-clock: mask: 0xffffffffffffffff max_cycles: 0x1cd42e4dffb, max_idle_ns: 881590591483 ns
[    0.000000] Zone ranges:
[    0.000000]   DMA      [mem 0x0000000000001000-0x0000000000ffff]
[    0.000000]   DMA32    [mem 0x0000000001000000-0x000000003ffeffff]
[    0.000000]   Normal   empty
[    0.000000]   Device   empty
[    0.000000] Movable zone start for each node
[    0.0000] Early memmory node ranges
[    0.000000]   node   0: [mem 0x0000000000001000-0x000000000009efff]
[    0.000000]   node   0: [mem 0x0000000000100000-0x000000003ffeffff]
[    0.000000] Initmem setup node 0 [mem 0x0000000000001000-0x000000003ffeffff]
[    0.000000] ACPI: PMimer IO Port: 0x4008
[    0.000000] IOAPIC[0]: apic_id 2, version 32, address 0xfec00000, GSI 0-23
[    0.000000] ACPI: INT_SRC_OVR (bus 0 bus_irq 0 global_irq 2 dfl dfl)
[    0.000000] ACPI: INT_SRC_OVR (bus 0 bus_irq 9 global_irq 9 low level)
[    0.000000] Using ACPI (MADT) for SMP configuration information
[    0.000000] smpboot: Allowing 2 CPUs, 0 hotplug CPUs
[    0.000000] PM: Registered nosave memory: [mem 0x00000000-0x00000fff]
[    0.000000] PM: Registered nosave memory: [mem 0x0009f000-0x0009ffff]
[    0.000000] PM: Registered nosave memory: [mem 0x000a0000-0x000effff]
[    0.000000] PM: Registered nosave memory: [mem 0x000f0000-0x000fffff]
[    0.000000] e820: [mem 0x40000000-0xfebfffff] available for PCI devices
[    0.000000] Booting paravirtualized kernel on KVM
[    0.000000] clocksource: refined-jiffies: mask: 0xffffffff max_cycles: 0xffffffff, max_idle_ns: 7645519600211568 ns
[    0.000000] setup_percpu: NR_CPUS:512 nr_cpumask_bits:512 nr_cpu_ids:2 nr_node_ids:1
[    0.000000] PERCPU: Embedded 34 pages/cpu @ffff88003fc00000 s99544 r8192 d31528 u1048576
[    0.000000] PV qspinlock hash table entries: 25 (order: 0, 4096 bytes)
[    0.000000] Built 1 zonelists in Node order, mobility grouping on.  Total pages: 257912
[    0.000000] Policy zone: DMA32
[    0.000000] Kernel command line: BOOT_IMAGE=/boot/vmlinuz-4.4.0-127-generic root=UUID=bbd644b0-b529-40fa-8b06-40f70b789c51 ro console=tty1 console=ttyS0
[    0.000000] PID hash table entries: 4096 (order: 3, 32768 bytes)
[    0.000000] Memory: 997164K/1048120K available (8537K kernel code, 1313K rwdata, 4000K rodata, 1512K init, 1316K bss, 50956K reserved, 0K cma-reserved)
[    0.000000] SLUB: HWalign=64, Order=0-3, MinObjects=0, CPUs=2, Nodes=1
[    0.000000] Kernel/User page tables isolation: enabled
[    0.000000] Hierarchical RCU implementation.
[    0.000000] 	Build-time adjustment of leaf fanout to 64.
[    0.000000] 	RCU restricting CPUs from NR_CPUS=512 to nr_cpu_ids=2.
[    0.000000] RCU: Adjusting geometry for rcu_fanout_leaf=64, nr_cpu_ids=2
[    0.000000] NR_IRQS:33024 nr_irqs:440 16
[    0.000000] Console: colour VGA+ 80x25
[    0.000000] console [tty1] enabled
[    0.000000] console [ttyS0] enabled
[    0.000000] tsc: Detected 2304.000 MHz processor
[    0.240928] Calibrating delay loop (skipped) preset value.. 4608.00 BogoMIPS (lpj=9216000)
[    0.242307] pid_max: default: 32768 minimum: 301
[    0.243007] ACPI: Core revision 20150930
[    0.244946] ACPI: 2 ACPI AML tables successfully acquired and loaded
[    0.246240] Security Framework initialized
[    0.247024] Yama: becoming mindful.
[    0.247731] AppArmor: AppArmor initialized
[    0.248599] Dentry cache hash table entries: 131072 (order: 8, 1048576 bytes)
[    0.250862] Inode-cache hash table entries: 65536 (order: 7, 524288 bytes)
[    0.252137] Mount-cache hash table entries: 2048 (order: 2, 16384 bytes)
[    0.253317] Mountpoint-cache hash table entries: 2048 (order: 2, 16384 bytes)
[    0.254643] Initializing cgroup subsys io
[    .255422] Initalizing cgroup subsys memory
[    0.279062] Initializing cgroup subsys devices
[    0.279895] Initializing cgroup subsys freezer
[    0.280727] Initializing cgroup subsys net_cls

[    0.281405] Initializing cgroup subsys perf_event
[    0.282276] Initializing cgroup subsys net_prio
[    0.283123] Initializing cgroup subsys hugetlb
[    0.283952] Initializing cgroup subsys pids
[    0.284703] CPU: Physical Processor ID: 0
[    0.285427] CPU: Processor Core ID: 0
[    0.287665] mce: CPU supports 0 MCE banks
[    0.288441] Last level iTLB entries: 4KB 64, 2MB 8, 4MB 8
[    0.289599] Last level dTLB entries: 4KB 64, 2MB 0, 4MB 0, 1GB 4
[    0.307322] Spectre V2 : Mitigation: Full generic retpoline
[    0.308320] Spectre V2 : Speculation control IBPB not-supported IBRS not-supported
[    0.309602] Spectre V2 : Filling RSB on context switch
[    0.310843] Speculative Store Bypass: Vulnerable
[    0.313629] Freeing SMP alternatives memory: 32K
[    0.327796] ftrace: allocating 32237 entries in 126 pages
[    0.408340] smpboot: APIC(0) Converting physical 0 to logical package 0
[    0.429812] smpboot: Max logical packages: 1
[    0.430746] x2apic enabled
[    0.431548] Switched APIC routing to physical x2apic.
[    0.433393] ..TIMER: vector=0x30 apic1=0 pin1=2 apic2=-1 pin2=-1
[   0.540454] smpboot: CPU0: Intel(R) Core(TM) i5-7360U CPU @ 2.30GHz (family: 0x6, model: 0x8e, stepping: 0x9)
[    0.565756] Performance Events: unsupported p6 CPU model 142 no PMU driver, software events only.
[    0.567473] KVM setup paravirtual spinlock
[    0.568824] x86: Booting SMP configuration:
[    0.569653] .... node  #0, CPUs:      #11
[    0.570504] kvm-clock: cpu 1, msr 0:3ffe3041, secondary cpu clock
[    0.584241] mce: CPU supports 0 MCE banks
[    0.586783] x86: Booted up 1 node, 2 CPUs
[    0.587746] smpboot: Total of 2 processors activated (9216.00 BogoMIPS)
[    0.589220] devtmpfs: initialized
[    0.591398] evm: security.selinux
[    0.591986] evm: security.SMACK64
[    0.592767] evm: security.SMACK64EXEC
[    0.598804] evm: security.SMACK64TRANSMUTE
[    0.611217] evm: security.SMACK64MMAP
[    0.617267] evm: security.ima
[    0.617797] evm: security.capability
[    0.618710] clocksource: jiffies: mask: 0xffffffff max_cycles: 0xffffffff, max_idle_ns: 7645041785100000 ns
[    0.620335] futex hash table entries: 512 (order: 3, 32768 bytes)
[    0.621535] pinctrl core: initialized pinctrl subsystem
[    0.622561] RTC time:  6:51:15, date: 05/24/18
[    0.623544] NET: Registered protocol family 16
[    0.632673] cpuidle: using governor ladder
[    0.645184] cpuidle: using governor menu
[    0.645923] PCCT header not found.
[    0.646562] ACPI: bus type PCI registered
[    0.647350] acpiphp: ACPI Hot Plug PCI Controller Driver version: 0.5
[    0.648573] PCI: Using configuration type 1 for base access
[    0.662053] ACPI: Added _OSI(Module Device)
[    0.662910] ACPI: Added _OSI(Processor Device)
[    0.663744] ACPI: Added _OSI(3.0 _SCP Extensions)
[    0.664626] ACPI: Added _OSI(Processor Aggregator Device)
[    0.666017] ACPI: Executed 1 blocks of module-level executable AML code
[    0.668649] ACPI: Interpreter enabled
[    0.669346] ACPI: (supports S0 S5)
[    0.669932] ACPI: Using IOAPIC for interrupt routing
[    0.670800] PCI: Using host bridge windows from ACPI; if necessary, use "pci=nocrs" and report a bug
[    0.675653] ACPI: PCI Root Bridge [PCI0] (domain 0000 [bus 00-ff])
[    0.676879] acpi PNP0A03:00: _OSC: OS supports [ASPM ClockPM Segments MSI]
[    0.689130] acpi PNP0A03:00: _OSC: not requesting OS control; OS requires [ExtendedConfig ASPM ClockPM MSI]
[    0.690886] acpi PNP0A03:00: fail to add MMCONFIG information, can't access extended PCI configuration space under this bridge.
[    0.693264] PCI host bridge to bus 0000:00
[    0.699617] pci_bus 0000:00: root bus resource [io  0x0000-0x0cf7 window]
[    0.700795] pci_bus 0000:00: root bus resource [io  0x0d00-0xffff window]
[    0.701950] pci_bus 0000:00: root bus resource [mem 0x000a0000-0x000bffff window]
[    0.703366] pci_bus 0000:00: root bus resource [mem 0x40000000-0xfdffffff window]
[    0.704788] pci_bus 0000:00: root bus resource [bus 00-ff]
[    0.707558] pci 0000:00:01.1: legacy IDE quirk: reg 0x10: [io  0x01f0-0x01f7]
[    0.708771] pci 0000:00:01.1: legacy IDE quirk: reg 0x14: [io  0x03f6]
[    0.740465] pci 0000:00:01.1: legacy IDE quirk: reg 0x18: [io  0x0170-0x0177]
[    0.741756] pci 0000:00:01.1: legacy IDE quirk: reg 0x1c: [io  0x0376]
[    0.762887] pci 0000:00:07.0: quirk: [io  0x4000-0x403f] claimed by PIIX4 ACPI
[    0.764312] pci 0000:00:07.0: quirk: [io  0x4100-0x410f] claimed by PIIX4 SMB
[    0.774629] ACPI: PCI Interrupt Link [LNKA] (IRQs 5 9 10 *11)
[    0.776122] ACPI: PCI Interrupt Link [LNKB] (IRQs 5 9 *10 11)
[    0.777648] ACPI: PCI Interrupt Link [LNKC] (IRQs 5 *9 10 11)
[    0.781516] ACPI: PCI Interrupt Link [LNKD] (IRQs 5 9 10 *11)
[    0.782776] ACPI: Enabled 2 GPEs in block 00 to 07
[    0.783887] vgaarb: setting as boot device: PCI:0000:00:02.0
[    0.790337] vgaarb: device added: PCI:0000:00:02.0,decodes=io+mem,owns=io+mem,locks=none
[    0.792040] vgaarb: loaded
[    0.792669] vgaarb: bridge control possible 0000:00:02.0
[    0.799524] SCSI subsystem initialized
[    0.800472] ACPI: bus type USB registered
[    0.801171] usbcore: registered new interface driver usbfs
[    0.801975] usbcore: registered new interface driver hub
[    0.802762] usbcore: registered new device driver usb
[    0.804901] PCI: Using ACPI for IRQ routing
[    0.805950] NetLabel: Initializing
[    0.806634] NetLabel:  domain hash size = 128
[    0.813164] NetLabel:  protocols = UNLABELED CIPSOv4
[    0.814006] NetLabel:  unlabeled traffic allowed by default
[    0.815048] amd_nb: Cannot enumerate AMD northbridges
[    0.815887] clocksource: Switched to clocksource kvm-clock
[    0.823688] AppArmor: AppArmor Filesystem Enabled
[    0.824671] pnp: PnP ACPI init
[    0.825972] pnp: PnP ACPI: found 3 devices
[    0.836119] clocksource: acpi_pm: mask: 0xffffff max_cycles: 0xffffff, max_idle_ns: 2085701024 ns
[    0.837800] NET: Registered protocol family 2
[    0.838785] TCP established hash table entries: 8192 (order: 4, 65536 bytes)
[    0.839993] TCP bind hash table entries: 8192 (order: 5, 131072 byte
[  0.885882] TCP: Hash tables configured (establised 8192 bind 8192)
[    0.966014] UDP hash table entries: 512 (order: 2, 16384 bytes)
[    0.967071] UDP-Lite hash table entries: 512 (order: 2, 16384 bytes)
[    0.968219] NET: Registered protocol family 1
[    0.969049] pci 0000:00:00.0: Limiting direct PCI/PCI transfers
[    0.970173] pci 0000:00:01.0: Activating ISA DMA hang workarounds
[    0.971434] Unpacking initramfs...
[    1.172261] Freeing initrd memory: 15356K
[    1.185778] platform rtc_cmos: registered platform RTC device (no PNP device found)
[    1.187087] Scanning for low memory corruption every 60 seconds
[    1.188297] audit: initializing netlink subsys (disabled)
[    1.189108] audit: type=2000 audit(1527144681.692:1): initialized
[    1.200605] Initialise system trusted keyring
[    1.201594] HugeTLB registered 2 MB page size, pre-allocated 0 pages
[    1.203727] zbud: loaded
[    1.204656] VFS: Disk quotas dquot_6.6.0
[    1.205447] VFS: Dquot-cache hash table entries: 512 (order 0, 4096 bytes)
[    1.206809] squashfs: version 4.0 (2009/01/31) Phillip Lougher
[    1.208097] fuse init (API version 7.23)
[    1.208969] Key type big_key registered
[    1.209742] Allocating IMA MOK and blacklist keyrings.
[    1.213870] Key type asymmetric registered
[    1.214622] Asymmetric key parser 'x509' registered
[    1.215401] Block layer SCSI generic (bsg) driver version 0.4 loaded (major 249)
[    1.216737] io scheduler noop registered
[    1.217501] io scheduler deadline registered (default)
[    1.218462] io scheduler cfq registered
[    1.219287] pci_hotplug: PCI Hot Plug PCI Core version: 0.5
[    1.220351] pciehp: PCI Express Hot Plug Controller Driver version: 0.4
[    1.221650] ACPI: AC Adapter [AC] (on-line)
[    1.222493] input: Power Button as /devices/LNXSYSTM:00/LNXPWRBN:00/input/input0
[    1.233561] ACPI: Power Button [PWRF]
[    1.234259] input: Sleep Button as /devices/LNXSYSTM:00/LNXSLPBN:00/input/input1
[    1.235725] ACPI: Sleep Button [SLPF]
[    1.236627] GHES: HEST is not enabled!
[    1.237420] Serial: 8250/16550 driver, 32 ports, IRQ sharing enabled
[    1.260343] 00:02: ttyS0 at I/O 0x3f8 (irq = 4, base_baud = 115200) is a 16550A
[    1.269992] Linux agpgart interface v0.103
[    1.273513] loop: module loaded
[    1.274636] scsi host0: ata_piix
[    1.275449] scsi host1: ata_piix
[    1.276168] ata1: PATA max UDMA/33 cmd 0x1f0 ctl 0x3f6 bmdma 0xd000 irq 14
[    1.286074] ata2: PATA max UDMA/33 cmd 0x170 ctl 0x376 bmdma 0xd008 irq 15
[    1.287345] libphy: Fixed MDIO Bus: probed
[    1.291011] tun: Universal TUN/TAP device driver, 1.6
[    1.291866] tun: (C) 1999-2004 Max Krasnyansky <maxk@qualcomm.com>
[    1.292937] PPP generic driver version 2.4.2
[    1.293794] ehci_hcd: USB 2.0 'Enhanced' Host Controller (EHCI) Driver
[    1.301858] ehci-pci: EHCI PCI platform driver
[    1.302730] ehci-platform: EHCI generic platform driver
[    1.303695] ohci_hcd: USB 1.1 'Open' Host Controller (OHCI) Driver
[    1.304658] ohci-pci: OHCI PCI platform driver
[    1.305363] ohci-platform: OHCI generic platform driver
[    1.306152] uhci_hcd: USB Universal Host Controller Interface driver
[    1.307100] i8042: PNP: PS/2 Controller [PNP0303:PS2K,PNP0f03:PS2M] at 0x60,0x64 irq 1,12
[    1.308797] serio: i8042 KBD port at 0x60,0x64 irq 1
[    1.309766] serio: i8042 AUX port at 0x60,0x64 irq 12
[    1.343784] mousedev: PS/2 mouse device common for all mice
[    1.350861] input: AT Translated Set 2 keyboard as /devices/platform/i8042/serio0/input/input2
[    1.352596] rtc_cmos rtc_cmos: rtc core: registered rtc_cmos as rtc0
[    1.353751] rtc_cmos rtc_cmos: alarms up to one day, 114 bytes nvram
[    1.354848] i2c /dev entries driver
[    1.355611] device-mapper: uevent: version 1.0.3
[    1.356586] device-mapper: ioctl: 4.34.0-ioctl (2015-10-28) initialised: dm-devel@redhat.com
[    1.358204] ledtrig-cpu: registered to indicate activity on CPUs
[    1.359675] NET: Registered protocol family 10
[    1.360701] NET: Registered protocol family 17
[    1.361674] Key type dns_resolver registered
[    1.362883] registered taskstats version 1
[    1.363684] Loading compiled-in X.509 certificates
[    1.365037] Loaded X.509 cert 'Build time autogenerated kernel key: 9f6f572a3ee0cb468eb8db4aa61815bc74ef6adb'
[    1.366516] zswap: loaded using pool lzo/zbud
[    1.369147] Key type trusted registered
[    1.372535] Key type encrypted registered
[    1.373338] AppArmor: AppArmor sha1 policy hashing enabled
[    1.374316] ima: No TPM chip found, activating TPM-bypass!
[    1.375317] evm: HMAC attrs: 0x1
[    1.376306]   Magic number: 2:770:873
[    1.377119] rtc_cmos rtc_cmos: setting system clock to 2018-05-24 06:51:16 UTC (1527144676)
[    1.384146] BIOS EDD facility v0.16 2004-Jun-25, 0 devices found
[    1.385198] EDD information not available.
[    1.440916] Freeing unused kernel memory: 1512K
[    1.961939] Write protecting the kernel read-only data: 14336k
[    1.965052] Freeing unused kernel memory: 1692K
[    1.967183] Freeing unused kernel memory: 96K
Loading, please wait...
starting version 229
[    2.003619] random: systemd-udevd: uninitialized urandom read (16 bytes read, 3 bits of entropy available)
[    2.003682] random: udevadm: uninitialized urandom read (16 bytes read, 3 bits of entropy available)
[    2.003704] random: udevadm: uninitialized urandom read (16 bytes read, 3 bits of entropy available)
[    2.012765] random: udevadm: uninitialized urandom read (16 bytes read, 3 bits of entropy available)
[    2.012807] random: udevadm: uninitialized urandom read (16 bytes read, 3 bits of entropy available)
[    2.012935] random: udevadm: uninitialized urandom read (16 bytes read, 3 bits of entropy available)
[    2.012980] random: udevadm: uninitialized urandom read (16 bytes read, 3 bits of entropy available)
[    2.013023] random: udevadm: uninitialized urandom read (16 bytes read, 3 bits of entropy available)
[    2.013069] random: udevadm: uninitialized urandom read (16 bytes read, 3 bits of entropy available)
[    2.013110] random: udevadm: uninitialized urandom read (16 bytes read, 3 bits of entropy available)
[    2.066589] e1000: Intel(R) PRO/1000 Network Driver - version 7.3.21-k8-NAPI
[    2.069094] e1000: Copyright (c) 1999-2006 Intel Corporation.
[    2.075732] Fusion MPT base driver 3.04.20
[    2.077716] Copyright (c) 1999-2008 LSI Corporation
[    2.101381] AVX2 version of gcm_enc/dec engaged.
[    2.110105] AES CTR mode by8 optimization enabled
[    2.128909] Fusion MPT SPI Host driver 3.04.20
[    2.186026] tsc: Refined TSC clocksource calibration: 2304.399 MHz
[    2.211750] clocksource: tsc: mask: 0xffffffffffffffff max_cycles: 0x213770d708c, max_idle_ns: 440795308763 ns
[    2.287893] input: ImExPS/2 Generic Explorer Mouse as /devices/platform/i8042/serio1/input/input4
[    2.485437] e1000 0000:00:03.0 eth0: (PCI:33MHz:32-bit) 02:a3:be:24:b1:4f
[    2.564927] e1000 0000:00:03.0 eth0: Intel(R) PRO/1000 Network Connection
[    2.994254] e1000 0000:00:08.0 eth1: (PCI:33MHz:32-bit) 08:00:27:0e:47:9e
[    2.997176] e1000 0000:00:08.0 eth1: Intel(R) PRO/1000 Network Connection
[    2.999365] mptbase: ioc0: Initiating bringup
[    3.000424] e1000 0000:00:08.0 enp0s8: renamed from eth1
[    3.008703] e1000 0000:00:03.0 enp0s3: renamed from eth0
[    3.068948] ioc0: LSI53C1030 A0: Capabilities={Initiator}
[    3.233688] scsi host2: ioc0: LSI53C1030 A0, FwRev=00000000h, Ports=1, MaxQ=256, IRQ=20
[    3.345277] scsi 2:0:0:0: Direct-Access     VBOX     HARDDISK         1.0  PQ: 0 ANSI: 5
[    3.350249] scsi target2:0:0: Beginning Domain Validation
[    3.352501] scsi target2:0:0: Domain Validation skipping write tests
[    3.353490] scsi target2:0:0: Ending Domain Validation
[    3.354359] scsi target2:0:0: asynchronous
[    3.355676] scsi 2:0:1:0: Direct-Access     VBOX     HARDDISK         1.0  PQ: 0 ANSI: 5
[    3.365417] scsi target2:0:1: Beginning Domain Validation
[    3.370232] scsi target2:0:1: Domain Validation skipping write tests
[    3.371172] scsi target2:0:1: Ending Domain Validation
[    3.372045] scsi target2:0:1: asynchronous
[    3.378700] sd 2:0:0:0: Attached scsi generic sg0 type 0
[    3.381651] sd 2:0:0:0: [sda] 20971520 512-byte logical blocks: (10.7 GB/10.0 GiB)
[    3.383732] sd 2:0:1:0: Attached scsi generic sg1 type 0
[    3.392430] sd 2:0:0:0: [sda] Write Protect is off
[    3.392445] sd 2:0:1:0: [sdb] 20480 512-byte logical blocks: (10.5 MB/10.0 MiB)
[    3.393309] sd 2:0:1:0: [sdb] Write Protect is off
[    3.393378] sd 2:0:1:0: [sdb] Incomplete mode parameter data
[    3.393379] sd 2:0:1:0: [sdb] Assuming drive cache: write through
[    3.414056] sd 2:0:0:0: [sda] Incomplete mode parameter data
[    3.415063] sd 2:0:0:0: [sda] Assuming drive cache: write through
[    3.424073]  sda: sda1
[    3.424753] sd 2:0:1:0: [sdb] Attached SCSI disk
[    3.432917] sd 2:0:0:0: [sda] Attached SCSI disk
Begin: Loading e[    4.770058] md: linear personality registered for level -1
ssential drivers ... [    4.839900] md: multipath personality registered for level -4
[    4.894822] md: raid0 personality registered for level 0
[    4.925504] md: raid1 personality registered for level 1
[    4.996127] raid6: sse2x1   gen()  9780 MB/s
[    5.068417] raid6: sse2x1   xor()  8486 MB/s
[    5.180158] raid6: sse2x2   gen() 13798 MB/s
[    5.252427] raid6: sse2x2   xor()  8538 MB/s
[    5.324083] raid6: sse2x4   gen() 16095 MB/s
[    5.392135] raid6: sse2x4   xor() 10544 MB/s
[    5.460433] raid6: avx2x1   gen() 21153 MB/s
[    5.532282] raid6: avx2x2   gen() 21180 MB/s
[    5.620374] raid6: avx2x4   gen() 18434 MB/s
[    5.635035] raid6: using algorithm avx2x2 gen() 21180 MB/s
[    5.636174] raid6: using avx2x2 recovery algorithm
[    5.638745] xor: automatically using best checksumming function:
[    5.679961]    avx       : 19082.000 MB/sec
[    5.682654] async_tx: api initialized (async)
[    5.694752] md: raid6 personality registered for level 6
[    5.696332] md: raid5 personality registered for level 5
[    5.697247] md: raid4 personality registered for level 4
[    5.710688] md: raid10 personality registered for level 10
done.
Begin: Running /scripts/init-premount ... done.
Begin: Mounting root file system ... Begin: Running /scripts/local-top ... done.
Begin: Running /scripts/local-premount ... [    5.750518] Btrfs loaded
Scanning for Btrfs filesystems
done.
Warning: fsck not present, so skipping root file[    5.845015] EXT4-fs (sda1): INFO: recovery required on readonly filesystem
 system
[    5.847128] EXT4-fs (sda1): write access will be enabled during recovery
[    6.096202] EXT4-fs (sda1): orphan cleanup on readonly fs
[    6.120884] EXT4-fs (sda1): 2 orphan inodes deleted
[    6.133982] EXT4-fs (sda1): recovery complete
[    6.138722] EXT4-fs (sda1): mounted filesystem with ordered data mode. Opts: (null)
done.
Begin: Running /scripts/local-bottom ... done.
Begin: Running /scripts/init-bottom ... done.
[    6.229934] random: nonblocking pool is initialized
[    6.828271] systemd[1]: systemd 229 running in system mode. (+PAM +AUDIT +SELINUX +IMA +APPARMOR +SMACK +SYSVINIT +UTMP +LIBCRYPTSETUP +GCRYPT +GNUTLS +ACL +XZ -LZ4 +SECCOMP +BLKID +ELFUTILS +KMOD -IDN)
[    6.831123] systemd[1]: Detected virtualization oracle.
[    6.832223] systemd[1]: Detected architecture x86-64.

Welcome to [1mUbuntu 16.04.4 LTS[0m!

[    6.912023] systemd[1]: Set hostname to <ubuntu-xenial>.
[    8.174099] systemd[1]: Reached target Encrypted Volumes.
[[0;32m  OK  [0m] Reached target Encrypted Volumes.
[    8.246643] systemd[1]: Reached target Swap.
[[0;32m  OK  [0m] Reached target Swap.
[    8.248300] systemd[1]: Reached target System Time Synchronized.
[[0;32m  OK  [0m] Reached target System Time Synchronized.
[    8.259646] systemd[1]: Reached target User and Group Name Lookups.
[[0;32m  OK  [0m] Reached target User and Group Name Lookups.
[    8.261884] systemd[1]: Listening on Journal Socket.
[[0;32m  OK  [0m] Listening on Journal Socket.
[    8.263971] systemd[1]: Started Forward Password Requests to Wall Directory Watch.
[[0;32m  OK  [0m] Started Forward Password Requests to Wall Directory Watch.
[    8.266693] systemd[1]: Listening on udev Control Socket.
[[0;32m  OK  [0m] Listening on udev Control Socket.
[    8.274559] systemd[1]: Listening on LVM2 poll daemon socket.
[[0;32m  OK  [0m] Listening on LVM2 poll daemon socket.
[    8.276581] systemd[1]: Listening on Syslog Socket.
[[0;32m  OK  [0m] Listening on Syslog Socket.
[    8.278597] systemd[1]: Listening on udev Kernel Socket.
[[0;32m  OK  [0m] Listening on udev Kernel Socket.
[    8.280472] systemd[1]: Listening on Device-mapper event daemon FIFOs.
[[0;32m  OK  [0m] Listening on Device-mapper event daemon FIFOs.
[    8.282733] systemd[1]: Started Trigger resolvconf update for networkd DNS.
[[0;32m  OK  [0m] Started Trigger resolvconf update for networkd DNS.
[    8.306218] systemd[1]: Listening on Journal Audit Socket.
[[0;32m  OK  [0m] Listening on Journal Audit Socket.
[    8.308497] systemd[1]: Set up automount Arbitrary Executable File Formats File System Automount Point.
[[0;32m  OK  [0m] Set up automount Arbitrary Executab...ats File System Automount Point.
[    8.390939] systemd[1]: Created slice System Slice.
[[0;32m  OK  [0m] Created slice System Slice.
[    8.424592] systemd[1]: Starting Set console keymap...
         Starting Set console keymap...
[    8.512053] systemd[1]: Starting Remount Root and Kernel File Systems...
         Starting Remount Root and Kernel File Systems...
[    8.648427] systemd[1]: Starting Load Kernel Modules...
[    8.652263] EXT4-fs (sda1): re-mounted. Opts: (null)
         Starting Load Kernel Modules...
[    8.706527] systemd[1]: Starting Uncomplicated firewall...
         Starting Uncomplicated firewall...
[    8.714838] systemd[1]: Starting Create list of required static device nodes for the current kernel...
         Starting Create list of required st... nodes for the current kernel...
[    8.726907] systemd[1]: Mounting Huge Pages File System...
         Mounting Huge Pages File System...
[    8.729754] systemd[1]: Mounting Debug File System...
         Mounting Debug File System...
[    8.741655] systemd[1]: Mounting POSIX Message Queue File System...
         Mounting POSIX Message Queue File System...
[    8.744299] systemd[1]: Created slice system-serial\x2dgetty.slice.
[[0;32m  OK  [0m] Created slice system-serial\x2dgetty.slice.
[    8.746676] systemd[1]: Listening on /dev/initctl Compatibility Named Pipe.
[[0;32m  OK  [0m] Listening on /dev/initctl Compatibility Named Pipe.
[    8.749036] systemd[1]: Listening on Journal Socket (/dev/log).
[[0;32m  OK  [0m] Listening on Journal Socket (/dev/log).
[    8.757406] systemd[1]: Starting Journal Service...
         Starting Journal Service...
[    8.764873] systemd[1]: Listening on LVM2 metadata daemon socket.
[[0;32m  OK  [0m] Listening on LVM2 metadata daemon socket.
[    8.767438] systemd[1]: Starting Monitoring of LVM2 mirrors, snapshots etc. using dmeventd or progress polling...
         Starting Monitoring of LVM2 mirrors... dmeventd or progress polling...
[    8.854258] systemd[1]: Created slice User and Session Slice.
[[0;32m  OK  [0m] Created slice User and Session Slice.
[    8.863626] systemd[1]: Reached target Slices.
[[0;32m  OK  [0m] Reached target Slices.
[    8.865754] systemd[1]: Starting Nameserver information manager...
         Starting Nameserver information manager...
[    8.869196] systemd[1]: Mounted Huge Pages File System.
[    8.931763] Loading iSCSI transport class v2.0-870.
[[0;32m  OK  [0m] Mounted Huge Pages File System.
[    8.963140] systemd[1]: Mounted POSIX Message Queue File System.
[[0;32m  OK  [0m] Mounted POSIX Message Queue File System.
[    8.982202] systemd[1]: Mounted Debug File System.
[[0;32m  OK  [0m] Mounted Debug File System.
[    9.008465] systemd[1]: Started Remount Root and Kernel File Systems.
[[0;32m  OK  [0m] Started Remount Root and Kernel File Systems.
[    9.031492] systemd[1]: Started Set console keymap.
[[0;32m  OK  [0m] Started Set console keymap.
[    9.033968] systemd[1]: Started Uncomplicated firewall.
[[0;32m  OK  [0m] Started Uncomplicated firewall.
[    9.037635] systemd[1]: Started Create list of required static device nodes for the current kernel.
[[0;32m  OK  [0m] Started Create list of required sta...ce nodes for the current kernel.
[    9.096750] iscsi: registered transport (tcp)
[    9.140614] systemd[1]: Starting Create Static Device Nodes in /dev...
         Starting Create Static Device Nodes in /dev...
[    9.284654] systemd[1]: Starting udev Coldplug all Devices...
         Starting udev Coldplug all Devices...
[    9.349846] systemd[1]: Starting Load/Save Random Seed...
         Starting Load/Save Random Seed...
[    9.397258] systemd[1]: Started Journal Service.
[[0;32m  OK  [0m] Started Journal Service.
[[0;32m  OK  [0m] Started Nameserver information manager.
[[0;32m  OK  [0m] Started Load/Save Random Seed.
[[0;32m  OK  [0m] Started udev[    9.528989] iscsi: registered transport (iser)
 Coldplug all Devices.
[[0;32m  OK  [0m] Started Load Kernel Modules.
[[0;32m  OK  [0m] Started LVM2 metadata daemon.
         Mounting FUSE Control File System...
         Starting Apply Kernel Variables...
         Starting Flush Journal to Persistent Storage...
[[0;32m  OK  [0m] Mounted FUSE Control File System.
[    9.847483] systemd-journald[396]: Received request to flush runtime journal from PID 1
[[0;32m  OK  [0m] Started Apply Kernel Variables.
[[0;32m  OK  [0m] Started Flush Journal to Persistent Storage.
[[0;32m  OK  [0m] Started Create Static Device Nodes in /dev.
         Starting udev Kernel Device Manager...
[[0;32m  OK  [0m] Started Monitoring of LVM2 mirrors,...ng dmeventd or progress polling.
[[0;32m  OK  [0m] Started udev Kernel Device Manager.
[[0;32m  OK  [0m] Started Dispatch Password Requests to Console Directory Watch.
[[0;32m  OK  [0m] Reached target Local File Systems (Pre).
[[0;32m  OK  [0m] Reached target Local File Systems.
         Starting Tell Plymouth To Write Out Runtime Data...
         Starting Initial cloud-init job (pre-networking)...
         Starting Set console font and keymap...
         Starting LSB: AppArmor initialization...
         Starting Create Volatile Files and Directories...
[[0;32m  OK  [0m] Started Tell Plymouth To Write Out Runtime Data.
[[0;32m  OK  [0m] Found device /dev/ttyS0.
[[0;32m  OK  [0m] Started Create Volatile Files and Directories.
         Starting Update UTMP about System Boot/Shutdown...
[[0;32m  OK  [0m] Started Update UTMP about System Boot/Shutdown.
[[0;32m  OK  [0m] Found device 82540EM Gigabit Ethern...r (PRO/1000 MT Desktop Adapter).
[[0;32m  OK  [0m] Found device 82540EM Gigabit Ethern...r (PRO/1000 MT Desktop Adapter).
[[0;32m  OK  [0m] Listening on Load/Save RF Kill Switch Status /dev/rfkill Watch.
[[0;32m  OK  [0m] Started Set console font and keymap.
[[0;32m  OK  [0m] Created slice system-getty.slice.
[[0;32m  OK  [0m] Started LSB: AppArmor initialization.
[   15.984653] cloud-init[497]: Cloud-init v. 18.2 running 'init-local' at Thu, 24 May 2018 06:51:31 +0000. Up 15.40 seconds.
[[0;32m  OK  [0m] Started Initial cloud-init job (pre-networking).
[[0;32m  OK  [0m] Reached target Network (Pre).
[[0;32m  OK  [0m] Started ifup for enp0s3.
         Starting Raise network interfaces...
[[0;32m  OK  [0m] Started ifup for enp0s8.
[[0;32m  OK  [0m] Started Raise network interfaces.
         Starting Initial cloud-init job (metadata service crawler)...
[[0;32m  OK  [0m] Reached target Network.
[   17.706181] cloud-init[1056]: Cloud-init v. 18.2 running 'init' at Thu, 24 May 2018 06:51:32 +0000. Up 16.89 seconds.
[   17.708223] cloud-init[1056]: ci-info: ++++++++++++++++++++++++++++++++++++++Net device info++++++++++++++++++++++++++++++++++++++
[   17.710371] cloud-init[1056]: ci-info: +--------+------+-----------------------------+---------------+-------+-------------------+
[   17.712587] cloud-init[1056]: ci-info: | Device |  Up  |           Address           |      Mask     | Scope |     Hw-Address    |
[   17.714670] cloud-init[1056]: ci-info: +--------+------+-----------------------------+---------------+-------+-------------------+
[   17.716773] cloud-init[1056]: ci-info: | enp0s3 | True |          10.0.2.15          | 255.255.255.0 |   .   | 02:a3:be:24:b1:4f |
[   17.720726] cloud-init[1056]: ci-info: | enp0s3 | True |  fe80::a3:beff:fe24:b14f/64 |       .       |  link | 02:a3:be:24:b1:4f |
[   17.722892] cloud-init[1056]: ci-info: | enp0s8 | True |        192.168.39.45        | 255.255.255.0 |   .   | 08:00:27:0e:47:9e |
[   17.725014] cloud-init[1056]: ci-info: | enp0s8 | True | fe80::a00:27ff:fe0e:479e/64 |       .       |  link | 08:00:27:0e:47:9e |
[   17.727147] cloud-init[1056]: ci-info: |   lo   | True |          127.0.0.1          |   255.0.0.0   |   .   |         .         |
[   17.729764] cloud-init[1056]: ci-info: |   lo   | True |           ::1/128           |       .       |  host |         .         |
[   17.732169] cloud-init[1056]: ci-info: +--------+------+-----------------------------+---------------+-------+-------------------+
[   17.734299] cloud-init[1056]: ci-info: ++++++++++++++++++++++++++++Route IPv4 info++++++++++++++++++++++++++++
[   17.736464] cloud-init[1056]: ci-info: +-------+--------------+----------+---------------+-----------+-------+
[   17.738349] [[0;32m  OK  [0m] Started Initial cloud-init job (metadata service crawler).
[[0;32m  OK  [0m] Reached target Cloud-config availability.
[[0;32m  OK  [0m] Reached target Network is Online.
cloud-init[1056]: ci-info: | Route | Destination  | Gateway  |    Genmask    | Interface | Flags |
[   17.811110]          Starting iSCSI initiator daemon (iscsid)...
[[0;32m  OK  [0m] Reached target System Initialization.
[[0;32m  OK  [0m] Listening on D-Bus System Message Bus Socket.
[[0;32m  OK  [0m] Listening on ACPID Listen Socket.
[[0;32m  OK  [0m] Started Daily Cleanup of Temporary Directories.
cloud-init[1056]: ci-info: +-------+--------------+----------+---------------+-----------+-------+
[   18.071489] [[0;32m  OK  [0m] Started ACPI Events Check.
[[0;32m  OK  [0m] Reached target Paths.
cloud-init[1056]: ci-info: |   0   |   0.0.0.0    | 10.0.2.2 |    0.0.0.0    |   enp0s3  |   UG  |
[   18.091838]          cloud-initStarting LXD - unix socket.[1056]: 
ci-info: |   1   |   10.0.2.0   | 0.0.0.0  | 255.255.255.0 |   enp0s3  |   U   |
[   18.128335] cloud-init[1056]: ci-info: |   2   | 192.168.39.0 | 0.0.0.0  | 255.255.255.0 |   enp0s8  |   U   |
[   18.129783] cloud-init[1056]: ci-info: +-------+--------------+----------+---------------+-----------+-------+
[[0;32m  OK  [0m] Started Daily apt download activities.
[[0;32m  OK  [0m] Started Daily apt upgrade and clean activities.
[[0;32m  OK  [0m] Reached target Timers.
[[0;32m  OK  [0m] Listening on UUID daemon activation socket.
         Starting Socket activation for snappy daemon.
[[0;32m  OK  [0m] Listening on LXD - unix socket.
[[0;32m  OK  [0m] Listening on Socket activation for snappy daemon.
[[0;32m  OK  [0m] Reached target Sockets.
[[0;32m  OK  [0m] Reached target Basic System.
         Starting Accounts Service...
         Starting Apply the settings specified in cloud-config...
         Starting Snappy daemon...
         Starting LSB: MD monitoring daemon...
[[0;32m  OK  [0m] Started FUSE filesystem for LXC.
[[0;32m  OK  [0m] Started D-Bus System Message Bus.
[   19.522295] cloud-init[1117]: Cloud-init v. 18.2 running 'modules:config' at Thu, 24 May 2018 06:51:34 +0000. Up 18.65 seconds.
         Starting Login Service...
[[0;32m  OK  [0m] Started ACPI event daemon.
         Starting OpenBSD Secure Shell server...
         Starting LSB: Record successful boot for GRUB...
[[0;32m  OK  [0m] Started Regular background program processing daemon.
         Starting vboxadd.service...
         Starting The PHP 7.0 FastCGI Process Manager...
         Starting /etc/rc.local Compatibility...
         Starting System Logging Service...
[[0;32m  OK  [0m] Started Unattended Upgrades Shutdown.
[[0;32m  OK  [0m] Started Deferred execution scheduler.
         Starting LXD - container startup/shutdown...
[[0;32m  OK  [0m] Started iSCSI initiator daemon (iscsid).
[[0;32m  OK  [0m] Started Apply the settings specified in cloud-config.
[[0;32m  OK  [0m] Started /etc/rc.local Compatibility.
[[0;32m  OK  [0m] Started Login Service.
         Starting Authenticate and Authorize Users to Run Privileged Tasks...
         Starting Login to default iSCSI targets...
[[0;32m  OK  [0m] Started LSB: Record successful boot for GRUB.
[[0;32m  OK  [0m] Started LSB: MD monitoring daemon.
[[0;32m  OK  [0m] Started Login to default iSCSI targets.
[[0;32m  OK  [0m] Reached target Remote File Systems (Pre).
[[0;32m  OK  [0m] Reached target Remote File Systems.
         Starting LSB: automatic crash report generation...
         Starting LSB: daemon to balance interrupts for SMP systems...
         Starting LSB: Apache2 web server...
         Starting Permit User Sessions...
         Starting LSB: Set the CPU Frequency Scaling governor to "ondemand"...
[[0;32m  OK  [0m] Started LSB: Set the CPU Frequency Scaling governor to "ondemand".
[[0;32m  OK  [0m] Started Permit User Sessions.
         Starting Terminate Plymouth Boot Screen...
         Starting Hold until boot process finishes up...
[[0;32m  OK  [0m] Started Terminate Plymouth Boot Screen.
[[0;32m  OK  [0m] Started Hold until boot process finishes up.
         Starting Set console scheme...
[[0;32m  OK  [0m] Started Serial Getty on ttyS0.
[[0;32m  OK  [0m] Started Getty on tty1.
[[0;32m  OK  [0m] Reached target Login Prompts.
[[0;32m  OK  [0m] Started Authenticate and Authorize Users to Run Privileged Tasks.
[[0;32m  OK  [0m] Started Accounts Service.
[[0;32m  OK  [0m] Started LSB: automatic crash report generation.
[[0;32m  OK  [0m] Started Set console scheme.
[[0;32m  OK  [0m] Started LSB: daemon to balance interrupts for SMP systems.
[[0;32m  OK  [0m] Started System Logging Service.
[[0;32m  OK  [0m] Started vboxadd.service.
         Starting vboxadd-service.service...
[[0;32m  OK  [0m] Started OpenBSD Secure Shell server.
[[0;1;31mFAILED[0m] Failed to start vboxadd-service.service.
See 'systemctl status vboxadd-service.service' for details.
[[0;32m  OK  [0m] Created slice User Slice of vagrant.
[[0;32m  OK  [0m] Started Snappy daemon.
[[0;32m  OK  [0m] Started Session 1 of user vagrant.
         Starting User Manager for UID 1000...
[[0;32m  OK  [0m] Started User Manager for UID 1000.
[[0;32m  OK  [0m] Started The PHP 7.0 FastCGI Process Manager.
[[0;32m  OK  [0m] Started LXD - container startup/shutdown.
[[0;32m  OK  [0m] Started LSB: Apache2 web server.
[[0;32m  OK  [0m] Reached target Multi-User System.
[[0;32m  OK  [0m] Reached target Graphical Interface.
         Starting Update UTMP about System Runlevel Changes...
         Starting Execute cloud user/final scripts...
[[0;32m  OK  [0m] Started Update UTMP about System Runlevel Changes.
[   25.963435] cloud-init[1409]: Cloud-init v. 18.2 running 'modules:final' at Thu, 24 May 2018 06:51:41 +0000. Up 25.72 seconds.
[   25.971091] cloud-init[1409]: Cloud-init v. 18.2 finished at Thu, 24 May 2018 06:51:41 +0000. Datasource DataSourceNoCloud [seed=/dev/sdb][dsmode=net].  Up 25.95 seconds
[[0;32m  OK  [0m] Started Execute cloud user/final scripts.
         Starting Daily apt download activities...
[[0;32m  OK  [0m] Reached target Cloud-init target.

Ubuntu 16.04.4 LTS ubuntu-xenial ttyS0

ubuntu-xenial login: [[0;32m  OK  [0m] Started ACPI event daemon.
[[0;32m  OK  [0m] Started ACPI event daemon.
[[0;32m  OK  [0m] Started ACPI event daemon.
[[0;32m  OK  [0m] Started ACPI event daemon.
[[0;32m  OK  [0m] Started Daily apt upgrade and clean activities.
